[INFO] Scanning for projects...
[INFO] 
[INFO] ----------------------< com.example:GuardBatXat >-----------------------
[INFO] Building  0.0.1-SNAPSHOT
[INFO]   from pom.xml
[INFO] --------------------------------[ jar ]---------------------------------
[INFO] 
[INFO] --- clean:3.3.2:clean (default-clean) @ GuardBatXat ---
[INFO] Deleting E:\NCKH\BatXat\target
[INFO] 
[INFO] --- resources:3.3.1:resources (default-resources) @ GuardBatXat ---
[INFO] Copying 1 resource from src\main\resources to target\classes
[INFO] Copying 0 resource from src\main\resources to target\classes
[INFO] 
[INFO] --- compiler:3.11.0:compile (default-compile) @ GuardBatXat ---
[INFO] Changes detected - recompiling the module! :source
[INFO] Compiling 134 source files with javac [debug release 17] to target\classes
[INFO] /E:/NCKH/BatXat/src/main/java/com/example/GuardBatXat/service/impl/RiskServiceImpl.java: Some input files use unchecked or unsafe operations.
[INFO] /E:/NCKH/BatXat/src/main/java/com/example/GuardBatXat/service/impl/RiskServiceImpl.java: Recompile with -Xlint:unchecked for details.
[INFO] -------------------------------------------------------------
[ERROR] COMPILATION ERROR : 
[INFO] -------------------------------------------------------------
[ERROR] /E:/NCKH/BatXat/src/main/java/com/example/GuardBatXat/service/impl/SosServiceImpl.java:[28,77] variable sosUpdateLogRepository is already defined in class com.example.GuardBatXat.service.impl.SosServiceImpl
[ERROR] /E:/NCKH/BatXat/src/main/java/com/example/GuardBatXat/service/impl/RiskServiceImpl.java:[36,29] cannot find symbol
  symbol:   method getLatitude()
  location: variable request of type com.example.GuardBatXat.dto.request.LocationCheckRequest
[ERROR] /E:/NCKH/BatXat/src/main/java/com/example/GuardBatXat/service/impl/RiskServiceImpl.java:[37,29] cannot find symbol
  symbol:   method getLongitude()
  location: variable request of type com.example.GuardBatXat.dto.request.LocationCheckRequest
[ERROR] /E:/NCKH/BatXat/src/main/java/com/example/GuardBatXat/service/impl/RiskServiceImpl.java:[41,24] cannot find symbol
  symbol:   method getAddress()
  location: variable request of type com.example.GuardBatXat.dto.request.LocationCheckRequest
[ERROR] /E:/NCKH/BatXat/src/main/java/com/example/GuardBatXat/service/impl/RiskServiceImpl.java:[41,56] cannot find symbol
  symbol:   method getAddress()
  location: variable request of type com.example.GuardBatXat.dto.request.LocationCheckRequest
[ERROR] /E:/NCKH/BatXat/src/main/java/com/example/GuardBatXat/service/impl/RiskServiceImpl.java:[44,53] cannot find symbol
  symbol:   method getAddress()
  location: variable request of type com.example.GuardBatXat.dto.request.LocationCheckRequest
[ERROR] /E:/NCKH/BatXat/src/main/java/com/example/GuardBatXat/service/impl/RiskServiceImpl.java:[46,45] cannot find symbol
  symbol:   method builder()
  location: class com.example.GuardBatXat.dto.response.LocationCheckResponse
[ERROR] /E:/NCKH/BatXat/src/main/java/com/example/GuardBatXat/service/impl/RiskServiceImpl.java:[59,41] cannot find symbol
  symbol:   method builder()
  location: class com.example.GuardBatXat.dto.response.LocationCheckResponse
[ERROR] /E:/NCKH/BatXat/src/main/java/com/example/GuardBatXat/service/impl/RiskServiceImpl.java:[68,59] cannot find symbol
  symbol:   method getActiveFloodLevel()
  location: variable state of type com.example.GuardBatXat.entity.SystemState
[ERROR] /E:/NCKH/BatXat/src/main/java/com/example/GuardBatXat/service/impl/RiskServiceImpl.java:[69,24] cannot find symbol
  symbol:   method getActiveFloodLevel()
  location: variable state of type com.example.GuardBatXat.entity.SystemState
[ERROR] /E:/NCKH/BatXat/src/main/java/com/example/GuardBatXat/service/impl/RiskServiceImpl.java:[72,63] cannot find symbol
  symbol:   method getElevationZ()
  location: variable b of type com.example.GuardBatXat.entity.Building
[ERROR] /E:/NCKH/BatXat/src/main/java/com/example/GuardBatXat/service/impl/RiskServiceImpl.java:[72,91] cannot find symbol
  symbol:   method getElevationZ()
  location: variable b of type com.example.GuardBatXat.entity.Building
[ERROR] /E:/NCKH/BatXat/src/main/java/com/example/GuardBatXat/service/impl/RiskServiceImpl.java:[76,19] cannot find symbol
  symbol:   method getDistToWater()
  location: variable b of type com.example.GuardBatXat.entity.Building
[ERROR] /E:/NCKH/BatXat/src/main/java/com/example/GuardBatXat/service/impl/RiskServiceImpl.java:[76,49] cannot find symbol
  symbol:   method getDistToWater()
  location: variable b of type com.example.GuardBatXat.entity.Building
[ERROR] /E:/NCKH/BatXat/src/main/java/com/example/GuardBatXat/service/impl/RiskServiceImpl.java:[77,19] cannot find symbol
  symbol:   method getElevationZ()
  location: variable b of type com.example.GuardBatXat.entity.Building
[ERROR] /E:/NCKH/BatXat/src/main/java/com/example/GuardBatXat/service/impl/RiskServiceImpl.java:[77,49] cannot find symbol
  symbol:   method getElevationZ()
  location: variable b of type com.example.GuardBatXat.entity.Building
[ERROR] /E:/NCKH/BatXat/src/main/java/com/example/GuardBatXat/service/impl/RiskServiceImpl.java:[80,26] cannot find symbol
  symbol:   method getLandslideProb()
  location: variable b of type com.example.GuardBatXat.entity.Building
[ERROR] /E:/NCKH/BatXat/src/main/java/com/example/GuardBatXat/service/impl/RiskServiceImpl.java:[80,57] cannot find symbol
  symbol:   method getLandslideProb()
  location: variable b of type com.example.GuardBatXat.entity.Building
[ERROR] /E:/NCKH/BatXat/src/main/java/com/example/GuardBatXat/service/impl/RiskServiceImpl.java:[81,29] cannot find symbol
  symbol:   method getDistToWater()
  location: variable b of type com.example.GuardBatXat.entity.Building
[ERROR] /E:/NCKH/BatXat/src/main/java/com/example/GuardBatXat/service/impl/RiskServiceImpl.java:[81,58] cannot find symbol
  symbol:   method getDistToWater()
  location: variable b of type com.example.GuardBatXat.entity.Building
[ERROR] /E:/NCKH/BatXat/src/main/java/com/example/GuardBatXat/service/impl/RiskServiceImpl.java:[104,63] cannot find symbol
  symbol:   method builder()
  location: class com.example.GuardBatXat.dto.response.LocationCheckResponse
[ERROR] /E:/NCKH/BatXat/src/main/java/com/example/GuardBatXat/service/impl/RiskServiceImpl.java:[112,32] cannot find symbol
  symbol:   method getBuildingType()
  location: variable b of type com.example.GuardBatXat.entity.Building
[ERROR] /E:/NCKH/BatXat/src/main/java/com/example/GuardBatXat/service/impl/RiskServiceImpl.java:[114,36] cannot find symbol
  symbol:   method getElevationZ()
  location: variable b of type com.example.GuardBatXat.entity.Building
[ERROR] /E:/NCKH/BatXat/src/main/java/com/example/GuardBatXat/service/impl/RiskServiceImpl.java:[122,17] cannot find symbol
  symbol:   variable log
  location: class com.example.GuardBatXat.service.impl.RiskServiceImpl
[ERROR] /E:/NCKH/BatXat/src/main/java/com/example/GuardBatXat/service/impl/RiskServiceImpl.java:[145,13] cannot find symbol
  symbol:   variable log
  location: class com.example.GuardBatXat.service.impl.RiskServiceImpl
[ERROR] /E:/NCKH/BatXat/src/main/java/com/example/GuardBatXat/service/impl/RiskServiceImpl.java:[151,29] cannot find symbol
  symbol:   method getLatitude()
  location: variable request of type com.example.GuardBatXat.dto.request.LocationCheckRequest
[ERROR] /E:/NCKH/BatXat/src/main/java/com/example/GuardBatXat/service/impl/RiskServiceImpl.java:[152,29] cannot find symbol
  symbol:   method getLongitude()
  location: variable request of type com.example.GuardBatXat.dto.request.LocationCheckRequest
[ERROR] /E:/NCKH/BatXat/src/main/java/com/example/GuardBatXat/service/impl/RiskServiceImpl.java:[156,24] cannot find symbol
  symbol:   method getAddress()
  location: variable request of type com.example.GuardBatXat.dto.request.LocationCheckRequest
[ERROR] /E:/NCKH/BatXat/src/main/java/com/example/GuardBatXat/service/impl/RiskServiceImpl.java:[156,56] cannot find symbol
  symbol:   method getAddress()
  location: variable request of type com.example.GuardBatXat.dto.request.LocationCheckRequest
[ERROR] /E:/NCKH/BatXat/src/main/java/com/example/GuardBatXat/service/impl/RiskServiceImpl.java:[159,53] cannot find symbol
  symbol:   method getAddress()
  location: variable request of type com.example.GuardBatXat.dto.request.LocationCheckRequest
[ERROR] /E:/NCKH/BatXat/src/main/java/com/example/GuardBatXat/service/impl/RiskServiceImpl.java:[161,42] cannot find symbol
  symbol:   method builder()
  location: class com.example.GuardBatXat.dto.response.EvacuationResponse
[ERROR] /E:/NCKH/BatXat/src/main/java/com/example/GuardBatXat/service/impl/RiskServiceImpl.java:[173,38] cannot find symbol
  symbol:   method builder()
  location: class com.example.GuardBatXat.dto.response.EvacuationResponse
[ERROR] /E:/NCKH/BatXat/src/main/java/com/example/GuardBatXat/service/impl/RiskServiceImpl.java:[178,34] cannot find symbol
  symbol:   method builder()
  location: class com.example.GuardBatXat.dto.response.EvacuationResponse
[ERROR] /E:/NCKH/BatXat/src/main/java/com/example/GuardBatXat/websocket/NotificationSender.java:[22,9] cannot find symbol
  symbol:   variable log
  location: class com.example.GuardBatXat.websocket.NotificationSender
[ERROR] /E:/NCKH/BatXat/src/main/java/com/example/GuardBatXat/websocket/NotificationSender.java:[29,13] cannot find symbol
  symbol:   variable log
  location: class com.example.GuardBatXat.websocket.NotificationSender
[ERROR] /E:/NCKH/BatXat/src/main/java/com/example/GuardBatXat/websocket/NotificationSender.java:[31,13] cannot find symbol
  symbol:   variable log
  location: class com.example.GuardBatXat.websocket.NotificationSender
[ERROR] /E:/NCKH/BatXat/src/main/java/com/example/GuardBatXat/controller/AdminSystemConfigController.java:[27,45] cannot find symbol
  symbol:   method <java.util.List<com.example.GuardBatXat.entity.ModelRegistry>>builder()
  location: class com.example.GuardBatXat.dto.response.ApiResponse
[ERROR] /E:/NCKH/BatXat/src/main/java/com/example/GuardBatXat/controller/AdminSystemConfigController.java:[37,45] cannot find symbol
  symbol:   method <com.example.GuardBatXat.entity.ModelRegistry>builder()
  location: class com.example.GuardBatXat.dto.response.ApiResponse
[ERROR] /E:/NCKH/BatXat/src/main/java/com/example/GuardBatXat/controller/AdminSystemConfigController.java:[50,45] cannot find symbol
  symbol:   method <com.example.GuardBatXat.entity.AhpWeight>builder()
  location: class com.example.GuardBatXat.dto.response.ApiResponse
[ERROR] /E:/NCKH/BatXat/src/main/java/com/example/GuardBatXat/service/impl/AdminSpatialServiceImpl.java:[33,24] cannot find symbol
  symbol:   method getAreaInMeters()
  location: variable request of type com.example.GuardBatXat.dto.request.BuildingRequest
[ERROR] /E:/NCKH/BatXat/src/main/java/com/example/GuardBatXat/service/impl/AdminSpatialServiceImpl.java:[33,51] cannot find symbol
  symbol:   method getElevationZ()
  location: variable request of type com.example.GuardBatXat.dto.request.BuildingRequest
[ERROR] /E:/NCKH/BatXat/src/main/java/com/example/GuardBatXat/service/impl/AdminSpatialServiceImpl.java:[34,24] cannot find symbol
  symbol:   method getBuildingType()
  location: variable request of type com.example.GuardBatXat.dto.request.BuildingRequest
[ERROR] /E:/NCKH/BatXat/src/main/java/com/example/GuardBatXat/service/impl/AdminSpatialServiceImpl.java:[34,51] cannot find symbol
  symbol:   method getMaxCapacity()
  location: variable request of type com.example.GuardBatXat.dto.request.BuildingRequest
[ERROR] /E:/NCKH/BatXat/src/main/java/com/example/GuardBatXat/service/impl/AdminSpatialServiceImpl.java:[35,24] cannot find symbol
  symbol:   method getEstimatedPop()
  location: variable request of type com.example.GuardBatXat.dto.request.BuildingRequest
[ERROR] /E:/NCKH/BatXat/src/main/java/com/example/GuardBatXat/service/impl/AdminSpatialServiceImpl.java:[35,51] cannot find symbol
  symbol:   method getGeomWkt()
  location: variable request of type com.example.GuardBatXat.dto.request.BuildingRequest
[ERROR] /E:/NCKH/BatXat/src/main/java/com/example/GuardBatXat/service/impl/AdminSpatialServiceImpl.java:[47,28] cannot find symbol
  symbol:   method getAreaInMeters()
  location: variable request of type com.example.GuardBatXat.dto.request.BuildingRequest
[ERROR] /E:/NCKH/BatXat/src/main/java/com/example/GuardBatXat/service/impl/AdminSpatialServiceImpl.java:[47,55] cannot find symbol
  symbol:   method getBuildingType()
  location: variable request of type com.example.GuardBatXat.dto.request.BuildingRequest
[ERROR] /E:/NCKH/BatXat/src/main/java/com/example/GuardBatXat/service/impl/AdminSpatialServiceImpl.java:[48,24] cannot find symbol
  symbol:   method getMaxCapacity()
  location: variable request of type com.example.GuardBatXat.dto.request.BuildingRequest
[ERROR] /E:/NCKH/BatXat/src/main/java/com/example/GuardBatXat/service/impl/AdminSpatialServiceImpl.java:[48,50] cannot find symbol
  symbol:   method getEstimatedPop()
  location: variable request of type com.example.GuardBatXat.dto.request.BuildingRequest
[ERROR] /E:/NCKH/BatXat/src/main/java/com/example/GuardBatXat/service/impl/AdminSpatialServiceImpl.java:[48,77] cannot find symbol
  symbol:   method getGeomWkt()
  location: variable request of type com.example.GuardBatXat.dto.request.BuildingRequest
[ERROR] /E:/NCKH/BatXat/src/main/java/com/example/GuardBatXat/service/impl/AdminSpatialServiceImpl.java:[64,24] cannot find symbol
  symbol:   method getUNode()
  location: variable request of type com.example.GuardBatXat.dto.request.RoadEdgeRequest
[ERROR] /E:/NCKH/BatXat/src/main/java/com/example/GuardBatXat/service/impl/AdminSpatialServiceImpl.java:[64,44] cannot find symbol
  symbol:   method getVNode()
  location: variable request of type com.example.GuardBatXat.dto.request.RoadEdgeRequest
[ERROR] /E:/NCKH/BatXat/src/main/java/com/example/GuardBatXat/service/impl/AdminSpatialServiceImpl.java:[64,64] cannot find symbol
  symbol:   method getEdgeKey()
  location: variable request of type com.example.GuardBatXat.dto.request.RoadEdgeRequest
[ERROR] /E:/NCKH/BatXat/src/main/java/com/example/GuardBatXat/service/impl/AdminSpatialServiceImpl.java:[65,24] cannot find symbol
  symbol:   method getLengthM()
  location: variable request of type com.example.GuardBatXat.dto.request.RoadEdgeRequest
[ERROR] /E:/NCKH/BatXat/src/main/java/com/example/GuardBatXat/service/impl/AdminSpatialServiceImpl.java:[65,46] cannot find symbol
  symbol:   method getRoadCapacity()
  location: variable request of type com.example.GuardBatXat.dto.request.RoadEdgeRequest
[ERROR] /E:/NCKH/BatXat/src/main/java/com/example/GuardBatXat/service/impl/AdminSpatialServiceImpl.java:[66,24] cannot find symbol
  symbol:   method getIsBridge()
  location: variable request of type com.example.GuardBatXat.dto.request.RoadEdgeRequest
[ERROR] /E:/NCKH/BatXat/src/main/java/com/example/GuardBatXat/service/impl/AdminSpatialServiceImpl.java:[66,47] cannot find symbol
  symbol:   method getGeomWkt()
  location: variable request of type com.example.GuardBatXat.dto.request.RoadEdgeRequest
[ERROR] /E:/NCKH/BatXat/src/main/java/com/example/GuardBatXat/service/impl/AdminSpatialServiceImpl.java:[87,28] cannot find symbol
  symbol:   method getId()
  location: variable b of type com.example.GuardBatXat.entity.Building
[ERROR] /E:/NCKH/BatXat/src/main/java/com/example/GuardBatXat/service/impl/AdminSpatialServiceImpl.java:[88,38] cannot find symbol
  symbol:   method getBuildingType()
  location: variable b of type com.example.GuardBatXat.entity.Building
[ERROR] /E:/NCKH/BatXat/src/main/java/com/example/GuardBatXat/service/impl/AdminSpatialServiceImpl.java:[89,38] cannot find symbol
  symbol:   method getAreaInMeters()
  location: variable b of type com.example.GuardBatXat.entity.Building
[ERROR] /E:/NCKH/BatXat/src/main/java/com/example/GuardBatXat/service/impl/AdminSpatialServiceImpl.java:[90,37] cannot find symbol
  symbol:   method getMaxCapacity()
  location: variable b of type com.example.GuardBatXat.entity.Building
[ERROR] /E:/NCKH/BatXat/src/main/java/com/example/GuardBatXat/controller/AuthSosController.java:[24,40] cannot infer type arguments for com.example.GuardBatXat.dto.response.ApiResponse<>
  reason: cannot infer type-variable(s) T
    (actual and formal argument lists differ in length)
[ERROR] /E:/NCKH/BatXat/src/main/java/com/example/GuardBatXat/controller/AuthSosController.java:[35,19] cannot find symbol
  symbol:   method updateLiveLocation(com.example.GuardBatXat.dto.request.LiveLocationRequest)
  location: variable sosService of type com.example.GuardBatXat.service.SosService
[ERROR] /E:/NCKH/BatXat/src/main/java/com/example/GuardBatXat/controller/AuthSosController.java:[36,34] cannot infer type arguments for com.example.GuardBatXat.dto.response.ApiResponse<>
  reason: cannot infer type-variable(s) T
    (actual and formal argument lists differ in length)
[ERROR] /E:/NCKH/BatXat/src/main/java/com/example/GuardBatXat/controller/AuthSosController.java:[41,19] cannot find symbol
  symbol:   method sendEmergencyChat(com.example.GuardBatXat.dto.request.ChatRequest)
  location: variable sosService of type com.example.GuardBatXat.service.SosService
[ERROR] /E:/NCKH/BatXat/src/main/java/com/example/GuardBatXat/controller/AuthSosController.java:[42,34] cannot infer type arguments for com.example.GuardBatXat.dto.response.ApiResponse<>
  reason: cannot infer type-variable(s) T
    (actual and formal argument lists differ in length)
[ERROR] /E:/NCKH/BatXat/src/main/java/com/example/GuardBatXat/controller/RescueSosController.java:[23,34] cannot infer type arguments for com.example.GuardBatXat.dto.response.ApiResponse<>
  reason: cannot infer type-variable(s) T
    (actual and formal argument lists differ in length)
[ERROR] /E:/NCKH/BatXat/src/main/java/com/example/GuardBatXat/controller/RescueSosController.java:[30,34] cannot infer type arguments for com.example.GuardBatXat.dto.response.ApiResponse<>
  reason: cannot infer type-variable(s) T
    (actual and formal argument lists differ in length)
[ERROR] /E:/NCKH/BatXat/src/main/java/com/example/GuardBatXat/controller/RescueSosController.java:[37,34] cannot infer type arguments for com.example.GuardBatXat.dto.response.ApiResponse<>
  reason: cannot infer type-variable(s) T
    (actual and formal argument lists differ in length)
[ERROR] /E:/NCKH/BatXat/src/main/java/com/example/GuardBatXat/controller/RescueSosController.java:[43,34] cannot infer type arguments for com.example.GuardBatXat.dto.response.ApiResponse<>
  reason: cannot infer type-variable(s) T
    (actual and formal argument lists differ in length)
[ERROR] /E:/NCKH/BatXat/src/main/java/com/example/GuardBatXat/controller/RescueSosController.java:[52,34] cannot infer type arguments for com.example.GuardBatXat.dto.response.ApiResponse<>
  reason: cannot infer type-variable(s) T
    (actual and formal argument lists differ in length)
[ERROR] /E:/NCKH/BatXat/src/main/java/com/example/GuardBatXat/controller/CommanderSystemController.java:[32,45] cannot find symbol
  symbol:   method <java.util.List<java.lang.String>>builder()
  location: class com.example.GuardBatXat.dto.response.ApiResponse
[ERROR] /E:/NCKH/BatXat/src/main/java/com/example/GuardBatXat/controller/CommanderSystemController.java:[58,45] cannot find symbol
  symbol:   method <java.util.Map<java.lang.String,java.lang.Object>>builder()
  location: class com.example.GuardBatXat.dto.response.ApiResponse
[ERROR] /E:/NCKH/BatXat/src/main/java/com/example/GuardBatXat/controller/CommanderSystemController.java:[72,21] cannot find symbol
  symbol:   method setTitle(java.lang.String)
  location: variable notification of type com.example.GuardBatXat.entity.Notification
[ERROR] /E:/NCKH/BatXat/src/main/java/com/example/GuardBatXat/controller/CommanderSystemController.java:[73,21] cannot find symbol
  symbol:   method setContent(java.lang.String)
  location: variable notification of type com.example.GuardBatXat.entity.Notification
[ERROR] /E:/NCKH/BatXat/src/main/java/com/example/GuardBatXat/controller/CommanderSystemController.java:[74,21] cannot find symbol
  symbol:   method setAlertLevel(java.lang.String)
  location: variable notification of type com.example.GuardBatXat.entity.Notification
[ERROR] /E:/NCKH/BatXat/src/main/java/com/example/GuardBatXat/controller/CommanderSystemController.java:[98,44] cannot find symbol
  symbol:   method getTitle()
  location: variable notification of type com.example.GuardBatXat.entity.Notification
[ERROR] /E:/NCKH/BatXat/src/main/java/com/example/GuardBatXat/controller/CommanderSystemController.java:[99,46] cannot find symbol
  symbol:   method getContent()
  location: variable notification of type com.example.GuardBatXat.entity.Notification
[ERROR] /E:/NCKH/BatXat/src/main/java/com/example/GuardBatXat/controller/CommanderSystemController.java:[108,45] cannot find symbol
  symbol:   method <java.util.Map<java.lang.String,java.lang.String>>builder()
  location: class com.example.GuardBatXat.dto.response.ApiResponse
[ERROR] /E:/NCKH/BatXat/src/main/java/com/example/GuardBatXat/controller/CommanderSystemController.java:[123,21] cannot find symbol
  symbol:   method setTitle(title != n[...]ea5p")
  location: variable notification of type com.example.GuardBatXat.entity.Notification
[ERROR] /E:/NCKH/BatXat/src/main/java/com/example/GuardBatXat/controller/CommanderSystemController.java:[124,21] cannot find symbol
  symbol:   method setContent(java.lang.String)
  location: variable notification of type com.example.GuardBatXat.entity.Notification
[ERROR] /E:/NCKH/BatXat/src/main/java/com/example/GuardBatXat/controller/CommanderSystemController.java:[125,21] cannot find symbol
  symbol:   method setAlertLevel(targetArea[...]level)
  location: variable notification of type com.example.GuardBatXat.entity.Notification
[ERROR] /E:/NCKH/BatXat/src/main/java/com/example/GuardBatXat/controller/CommanderSystemController.java:[132,44] cannot find symbol
  symbol:   method getTitle()
  location: variable notification of type com.example.GuardBatXat.entity.Notification
[ERROR] /E:/NCKH/BatXat/src/main/java/com/example/GuardBatXat/controller/CommanderSystemController.java:[133,46] cannot find symbol
  symbol:   method getContent()
  location: variable notification of type com.example.GuardBatXat.entity.Notification
[ERROR] /E:/NCKH/BatXat/src/main/java/com/example/GuardBatXat/controller/CommanderSystemController.java:[139,45] cannot find symbol
  symbol:   method <java.util.Map<java.lang.String,java.lang.String>>builder()
  location: class com.example.GuardBatXat.dto.response.ApiResponse
[ERROR] /E:/NCKH/BatXat/src/main/java/com/example/GuardBatXat/controller/CommanderSystemController.java:[152,35] cannot find symbol
  symbol:   method getNotifyId()
  location: variable n of type com.example.GuardBatXat.entity.Notification
[ERROR] /E:/NCKH/BatXat/src/main/java/com/example/GuardBatXat/controller/CommanderSystemController.java:[153,37] cannot find symbol
  symbol:   method getAlertLevel()
  location: variable n of type com.example.GuardBatXat.entity.Notification
[ERROR] /E:/NCKH/BatXat/src/main/java/com/example/GuardBatXat/controller/CommanderSystemController.java:[153,65] cannot find symbol
  symbol:   method getAlertLevel()
  location: variable n of type com.example.GuardBatXat.entity.Notification
[ERROR] /E:/NCKH/BatXat/src/main/java/com/example/GuardBatXat/controller/CommanderSystemController.java:[154,31] cannot find symbol
  symbol:   method getTitle()
  location: variable n of type com.example.GuardBatXat.entity.Notification
[ERROR] /E:/NCKH/BatXat/src/main/java/com/example/GuardBatXat/controller/CommanderSystemController.java:[154,54] cannot find symbol
  symbol:   method getTitle()
  location: variable n of type com.example.GuardBatXat.entity.Notification
[ERROR] /E:/NCKH/BatXat/src/main/java/com/example/GuardBatXat/controller/CommanderSystemController.java:[155,33] cannot find symbol
  symbol:   method getContent()
  location: variable n of type com.example.GuardBatXat.entity.Notification
[ERROR] /E:/NCKH/BatXat/src/main/java/com/example/GuardBatXat/controller/CommanderSystemController.java:[159,18] cannot find symbol
  symbol:   method getCreatedAt()
  location: variable n of type com.example.GuardBatXat.entity.Notification
[ERROR] /E:/NCKH/BatXat/src/main/java/com/example/GuardBatXat/controller/CommanderSystemController.java:[160,29] cannot find symbol
  symbol:   method getCreatedAt()
  location: variable n of type com.example.GuardBatXat.entity.Notification
[ERROR] /E:/NCKH/BatXat/src/main/java/com/example/GuardBatXat/controller/CommanderSystemController.java:[169,45] cannot find symbol
  symbol:   method <java.util.List<java.util.Map<java.lang.String,java.lang.Object>>>builder()
  location: class com.example.GuardBatXat.dto.response.ApiResponse
[ERROR] /E:/NCKH/BatXat/src/main/java/com/example/GuardBatXat/controller/AuthController.java:[35,69] cannot find symbol
  symbol:   method getIdentifier()
  location: variable loginRequest of type @jakarta.validation.Valid com.example.GuardBatXat.dto.request.LoginRequest
[ERROR] /E:/NCKH/BatXat/src/main/java/com/example/GuardBatXat/controller/AuthController.java:[35,99] cannot find symbol
  symbol:   method getPassword()
  location: variable loginRequest of type @jakarta.validation.Valid com.example.GuardBatXat.dto.request.LoginRequest
[ERROR] /E:/NCKH/BatXat/src/main/java/com/example/GuardBatXat/controller/AuthController.java:[43,45] cannot find symbol
  symbol:   method <java.lang.String>builder()
  location: class com.example.GuardBatXat.dto.response.ApiResponse
[ERROR] /E:/NCKH/BatXat/src/main/java/com/example/GuardBatXat/controller/AuthController.java:[55,45] cannot find symbol
  symbol:   method <com.example.GuardBatXat.dto.response.UserResponse>builder()
  location: class com.example.GuardBatXat.dto.response.ApiResponse
[ERROR] /E:/NCKH/BatXat/src/main/java/com/example/GuardBatXat/controller/AuthController.java:[72,45] cannot find symbol
  symbol:   method <java.lang.Void>builder()
  location: class com.example.GuardBatXat.dto.response.ApiResponse
[ERROR] /E:/NCKH/BatXat/src/main/java/com/example/GuardBatXat/exception/GlobalExceptionHandler.java:[21,17] cannot find symbol
  symbol:   method setCode(int)
  location: variable response of type com.example.GuardBatXat.dto.response.ApiResponse<java.lang.Void>
[INFO] 100 errors 
[INFO] -------------------------------------------------------------
[INFO] ------------------------------------------------------------------------
[INFO] BUILD FAILURE
[INFO] ------------------------------------------------------------------------
[INFO] Total time:  2.716 s
[INFO] Finished at: 2026-06-12T19:15:44+07:00
[INFO] ------------------------------------------------------------------------
[ERROR] Failed to execute goal org.apache.maven.plugins:maven-compiler-plugin:3.11.0:compile (default-compile) on project GuardBatXat: Compilation failure: Compilation failure: 
[ERROR] /E:/NCKH/BatXat/src/main/java/com/example/GuardBatXat/service/impl/SosServiceImpl.java:[28,77] variable sosUpdateLogRepository is already defined in class com.example.GuardBatXat.service.impl.SosServiceImpl
[ERROR] /E:/NCKH/BatXat/src/main/java/com/example/GuardBatXat/service/impl/RiskServiceImpl.java:[36,29] cannot find symbol
[ERROR]   symbol:   method getLatitude()
[ERROR]   location: variable request of type com.example.GuardBatXat.dto.request.LocationCheckRequest
[ERROR] /E:/NCKH/BatXat/src/main/java/com/example/GuardBatXat/service/impl/RiskServiceImpl.java:[37,29] cannot find symbol
[ERROR]   symbol:   method getLongitude()
[ERROR]   location: variable request of type com.example.GuardBatXat.dto.request.LocationCheckRequest
[ERROR] /E:/NCKH/BatXat/src/main/java/com/example/GuardBatXat/service/impl/RiskServiceImpl.java:[41,24] cannot find symbol
[ERROR]   symbol:   method getAddress()
[ERROR]   location: variable request of type com.example.GuardBatXat.dto.request.LocationCheckRequest
[ERROR] /E:/NCKH/BatXat/src/main/java/com/example/GuardBatXat/service/impl/RiskServiceImpl.java:[41,56] cannot find symbol
[ERROR]   symbol:   method getAddress()
[ERROR]   location: variable request of type com.example.GuardBatXat.dto.request.LocationCheckRequest
[ERROR] /E:/NCKH/BatXat/src/main/java/com/example/GuardBatXat/service/impl/RiskServiceImpl.java:[44,53] cannot find symbol
[ERROR]   symbol:   method getAddress()
[ERROR]   location: variable request of type com.example.GuardBatXat.dto.request.LocationCheckRequest
[ERROR] /E:/NCKH/BatXat/src/main/java/com/example/GuardBatXat/service/impl/RiskServiceImpl.java:[46,45] cannot find symbol
[ERROR]   symbol:   method builder()
[ERROR]   location: class com.example.GuardBatXat.dto.response.LocationCheckResponse
[ERROR] /E:/NCKH/BatXat/src/main/java/com/example/GuardBatXat/service/impl/RiskServiceImpl.java:[59,41] cannot find symbol
[ERROR]   symbol:   method builder()
[ERROR]   location: class com.example.GuardBatXat.dto.response.LocationCheckResponse
[ERROR] /E:/NCKH/BatXat/src/main/java/com/example/GuardBatXat/service/impl/RiskServiceImpl.java:[68,59] cannot find symbol
[ERROR]   symbol:   method getActiveFloodLevel()
[ERROR]   location: variable state of type com.example.GuardBatXat.entity.SystemState
[ERROR] /E:/NCKH/BatXat/src/main/java/com/example/GuardBatXat/service/impl/RiskServiceImpl.java:[69,24] cannot find symbol
[ERROR]   symbol:   method getActiveFloodLevel()
[ERROR]   location: variable state of type com.example.GuardBatXat.entity.SystemState
[ERROR] /E:/NCKH/BatXat/src/main/java/com/example/GuardBatXat/service/impl/RiskServiceImpl.java:[72,63] cannot find symbol
[ERROR]   symbol:   method getElevationZ()
[ERROR]   location: variable b of type com.example.GuardBatXat.entity.Building
[ERROR] /E:/NCKH/BatXat/src/main/java/com/example/GuardBatXat/service/impl/RiskServiceImpl.java:[72,91] cannot find symbol
[ERROR]   symbol:   method getElevationZ()
[ERROR]   location: variable b of type com.example.GuardBatXat.entity.Building
[ERROR] /E:/NCKH/BatXat/src/main/java/com/example/GuardBatXat/service/impl/RiskServiceImpl.java:[76,19] cannot find symbol
[ERROR]   symbol:   method getDistToWater()
[ERROR]   location: variable b of type com.example.GuardBatXat.entity.Building
[ERROR] /E:/NCKH/BatXat/src/main/java/com/example/GuardBatXat/service/impl/RiskServiceImpl.java:[76,49] cannot find symbol
[ERROR]   symbol:   method getDistToWater()
[ERROR]   location: variable b of type com.example.GuardBatXat.entity.Building
[ERROR] /E:/NCKH/BatXat/src/main/java/com/example/GuardBatXat/service/impl/RiskServiceImpl.java:[77,19] cannot find symbol
[ERROR]   symbol:   method getElevationZ()
[ERROR]   location: variable b of type com.example.GuardBatXat.entity.Building
[ERROR] /E:/NCKH/BatXat/src/main/java/com/example/GuardBatXat/service/impl/RiskServiceImpl.java:[77,49] cannot find symbol
[ERROR]   symbol:   method getElevationZ()
[ERROR]   location: variable b of type com.example.GuardBatXat.entity.Building
[ERROR] /E:/NCKH/BatXat/src/main/java/com/example/GuardBatXat/service/impl/RiskServiceImpl.java:[80,26] cannot find symbol
[ERROR]   symbol:   method getLandslideProb()
[ERROR]   location: variable b of type com.example.GuardBatXat.entity.Building
[ERROR] /E:/NCKH/BatXat/src/main/java/com/example/GuardBatXat/service/impl/RiskServiceImpl.java:[80,57] cannot find symbol
[ERROR]   symbol:   method getLandslideProb()
[ERROR]   location: variable b of type com.example.GuardBatXat.entity.Building
[ERROR] /E:/NCKH/BatXat/src/main/java/com/example/GuardBatXat/service/impl/RiskServiceImpl.java:[81,29] cannot find symbol
[ERROR]   symbol:   method getDistToWater()
[ERROR]   location: variable b of type com.example.GuardBatXat.entity.Building
[ERROR] /E:/NCKH/BatXat/src/main/java/com/example/GuardBatXat/service/impl/RiskServiceImpl.java:[81,58] cannot find symbol
[ERROR]   symbol:   method getDistToWater()
[ERROR]   location: variable b of type com.example.GuardBatXat.entity.Building
[ERROR] /E:/NCKH/BatXat/src/main/java/com/example/GuardBatXat/service/impl/RiskServiceImpl.java:[104,63] cannot find symbol
[ERROR]   symbol:   method builder()
[ERROR]   location: class com.example.GuardBatXat.dto.response.LocationCheckResponse
[ERROR] /E:/NCKH/BatXat/src/main/java/com/example/GuardBatXat/service/impl/RiskServiceImpl.java:[112,32] cannot find symbol
[ERROR]   symbol:   method getBuildingType()
[ERROR]   location: variable b of type com.example.GuardBatXat.entity.Building
[ERROR] /E:/NCKH/BatXat/src/main/java/com/example/GuardBatXat/service/impl/RiskServiceImpl.java:[114,36] cannot find symbol
[ERROR]   symbol:   method getElevationZ()
[ERROR]   location: variable b of type com.example.GuardBatXat.entity.Building
[ERROR] /E:/NCKH/BatXat/src/main/java/com/example/GuardBatXat/service/impl/RiskServiceImpl.java:[122,17] cannot find symbol
[ERROR]   symbol:   variable log
[ERROR]   location: class com.example.GuardBatXat.service.impl.RiskServiceImpl
[ERROR] /E:/NCKH/BatXat/src/main/java/com/example/GuardBatXat/service/impl/RiskServiceImpl.java:[145,13] cannot find symbol
[ERROR]   symbol:   variable log
[ERROR]   location: class com.example.GuardBatXat.service.impl.RiskServiceImpl
[ERROR] /E:/NCKH/BatXat/src/main/java/com/example/GuardBatXat/service/impl/RiskServiceImpl.java:[151,29] cannot find symbol
[ERROR]   symbol:   method getLatitude()
[ERROR]   location: variable request of type com.example.GuardBatXat.dto.request.LocationCheckRequest
[ERROR] /E:/NCKH/BatXat/src/main/java/com/example/GuardBatXat/service/impl/RiskServiceImpl.java:[152,29] cannot find symbol
[ERROR]   symbol:   method getLongitude()
[ERROR]   location: variable request of type com.example.GuardBatXat.dto.request.LocationCheckRequest
[ERROR] /E:/NCKH/BatXat/src/main/java/com/example/GuardBatXat/service/impl/RiskServiceImpl.java:[156,24] cannot find symbol
[ERROR]   symbol:   method getAddress()
[ERROR]   location: variable request of type com.example.GuardBatXat.dto.request.LocationCheckRequest
[ERROR] /E:/NCKH/BatXat/src/main/java/com/example/GuardBatXat/service/impl/RiskServiceImpl.java:[156,56] cannot find symbol
[ERROR]   symbol:   method getAddress()
[ERROR]   location: variable request of type com.example.GuardBatXat.dto.request.LocationCheckRequest
[ERROR] /E:/NCKH/BatXat/src/main/java/com/example/GuardBatXat/service/impl/RiskServiceImpl.java:[159,53] cannot find symbol
[ERROR]   symbol:   method getAddress()
[ERROR]   location: variable request of type com.example.GuardBatXat.dto.request.LocationCheckRequest
[ERROR] /E:/NCKH/BatXat/src/main/java/com/example/GuardBatXat/service/impl/RiskServiceImpl.java:[161,42] cannot find symbol
[ERROR]   symbol:   method builder()
[ERROR]   location: class com.example.GuardBatXat.dto.response.EvacuationResponse
[ERROR] /E:/NCKH/BatXat/src/main/java/com/example/GuardBatXat/service/impl/RiskServiceImpl.java:[173,38] cannot find symbol
[ERROR]   symbol:   method builder()
[ERROR]   location: class com.example.GuardBatXat.dto.response.EvacuationResponse
[ERROR] /E:/NCKH/BatXat/src/main/java/com/example/GuardBatXat/service/impl/RiskServiceImpl.java:[178,34] cannot find symbol
[ERROR]   symbol:   method builder()
[ERROR]   location: class com.example.GuardBatXat.dto.response.EvacuationResponse
[ERROR] /E:/NCKH/BatXat/src/main/java/com/example/GuardBatXat/websocket/NotificationSender.java:[22,9] cannot find symbol
[ERROR]   symbol:   variable log
[ERROR]   location: class com.example.GuardBatXat.websocket.NotificationSender
[ERROR] /E:/NCKH/BatXat/src/main/java/com/example/GuardBatXat/websocket/NotificationSender.java:[29,13] cannot find symbol
[ERROR]   symbol:   variable log
[ERROR]   location: class com.example.GuardBatXat.websocket.NotificationSender
[ERROR] /E:/NCKH/BatXat/src/main/java/com/example/GuardBatXat/websocket/NotificationSender.java:[31,13] cannot find symbol
[ERROR]   symbol:   variable log
[ERROR]   location: class com.example.GuardBatXat.websocket.NotificationSender
[ERROR] /E:/NCKH/BatXat/src/main/java/com/example/GuardBatXat/controller/AdminSystemConfigController.java:[27,45] cannot find symbol
[ERROR]   symbol:   method <java.util.List<com.example.GuardBatXat.entity.ModelRegistry>>builder()
[ERROR]   location: class com.example.GuardBatXat.dto.response.ApiResponse
[ERROR] /E:/NCKH/BatXat/src/main/java/com/example/GuardBatXat/controller/AdminSystemConfigController.java:[37,45] cannot find symbol
[ERROR]   symbol:   method <com.example.GuardBatXat.entity.ModelRegistry>builder()
[ERROR]   location: class com.example.GuardBatXat.dto.response.ApiResponse
[ERROR] /E:/NCKH/BatXat/src/main/java/com/example/GuardBatXat/controller/AdminSystemConfigController.java:[50,45] cannot find symbol
[ERROR]   symbol:   method <com.example.GuardBatXat.entity.AhpWeight>builder()
[ERROR]   location: class com.example.GuardBatXat.dto.response.ApiResponse
[ERROR] /E:/NCKH/BatXat/src/main/java/com/example/GuardBatXat/service/impl/AdminSpatialServiceImpl.java:[33,24] cannot find symbol
[ERROR]   symbol:   method getAreaInMeters()
[ERROR]   location: variable request of type com.example.GuardBatXat.dto.request.BuildingRequest
[ERROR] /E:/NCKH/BatXat/src/main/java/com/example/GuardBatXat/service/impl/AdminSpatialServiceImpl.java:[33,51] cannot find symbol
[ERROR]   symbol:   method getElevationZ()
[ERROR]   location: variable request of type com.example.GuardBatXat.dto.request.BuildingRequest
[ERROR] /E:/NCKH/BatXat/src/main/java/com/example/GuardBatXat/service/impl/AdminSpatialServiceImpl.java:[34,24] cannot find symbol
[ERROR]   symbol:   method getBuildingType()
[ERROR]   location: variable request of type com.example.GuardBatXat.dto.request.BuildingRequest
[ERROR] /E:/NCKH/BatXat/src/main/java/com/example/GuardBatXat/service/impl/AdminSpatialServiceImpl.java:[34,51] cannot find symbol
[ERROR]   symbol:   method getMaxCapacity()
[ERROR]   location: variable request of type com.example.GuardBatXat.dto.request.BuildingRequest
[ERROR] /E:/NCKH/BatXat/src/main/java/com/example/GuardBatXat/service/impl/AdminSpatialServiceImpl.java:[35,24] cannot find symbol
[ERROR]   symbol:   method getEstimatedPop()
[ERROR]   location: variable request of type com.example.GuardBatXat.dto.request.BuildingRequest
[ERROR] /E:/NCKH/BatXat/src/main/java/com/example/GuardBatXat/service/impl/AdminSpatialServiceImpl.java:[35,51] cannot find symbol
[ERROR]   symbol:   method getGeomWkt()
[ERROR]   location: variable request of type com.example.GuardBatXat.dto.request.BuildingRequest
[ERROR] /E:/NCKH/BatXat/src/main/java/com/example/GuardBatXat/service/impl/AdminSpatialServiceImpl.java:[47,28] cannot find symbol
[ERROR]   symbol:   method getAreaInMeters()
[ERROR]   location: variable request of type com.example.GuardBatXat.dto.request.BuildingRequest
[ERROR] /E:/NCKH/BatXat/src/main/java/com/example/GuardBatXat/service/impl/AdminSpatialServiceImpl.java:[47,55] cannot find symbol
[ERROR]   symbol:   method getBuildingType()
[ERROR]   location: variable request of type com.example.GuardBatXat.dto.request.BuildingRequest
[ERROR] /E:/NCKH/BatXat/src/main/java/com/example/GuardBatXat/service/impl/AdminSpatialServiceImpl.java:[48,24] cannot find symbol
[ERROR]   symbol:   method getMaxCapacity()
[ERROR]   location: variable request of type com.example.GuardBatXat.dto.request.BuildingRequest
[ERROR] /E:/NCKH/BatXat/src/main/java/com/example/GuardBatXat/service/impl/AdminSpatialServiceImpl.java:[48,50] cannot find symbol
[ERROR]   symbol:   method getEstimatedPop()
[ERROR]   location: variable request of type com.example.GuardBatXat.dto.request.BuildingRequest
[ERROR] /E:/NCKH/BatXat/src/main/java/com/example/GuardBatXat/service/impl/AdminSpatialServiceImpl.java:[48,77] cannot find symbol
[ERROR]   symbol:   method getGeomWkt()
[ERROR]   location: variable request of type com.example.GuardBatXat.dto.request.BuildingRequest
[ERROR] /E:/NCKH/BatXat/src/main/java/com/example/GuardBatXat/service/impl/AdminSpatialServiceImpl.java:[64,24] cannot find symbol
[ERROR]   symbol:   method getUNode()
[ERROR]   location: variable request of type com.example.GuardBatXat.dto.request.RoadEdgeRequest
[ERROR] /E:/NCKH/BatXat/src/main/java/com/example/GuardBatXat/service/impl/AdminSpatialServiceImpl.java:[64,44] cannot find symbol
[ERROR]   symbol:   method getVNode()
[ERROR]   location: variable request of type com.example.GuardBatXat.dto.request.RoadEdgeRequest
[ERROR] /E:/NCKH/BatXat/src/main/java/com/example/GuardBatXat/service/impl/AdminSpatialServiceImpl.java:[64,64] cannot find symbol
[ERROR]   symbol:   method getEdgeKey()
[ERROR]   location: variable request of type com.example.GuardBatXat.dto.request.RoadEdgeRequest
[ERROR] /E:/NCKH/BatXat/src/main/java/com/example/GuardBatXat/service/impl/AdminSpatialServiceImpl.java:[65,24] cannot find symbol
[ERROR]   symbol:   method getLengthM()
[ERROR]   location: variable request of type com.example.GuardBatXat.dto.request.RoadEdgeRequest
[ERROR] /E:/NCKH/BatXat/src/main/java/com/example/GuardBatXat/service/impl/AdminSpatialServiceImpl.java:[65,46] cannot find symbol
[ERROR]   symbol:   method getRoadCapacity()
[ERROR]   location: variable request of type com.example.GuardBatXat.dto.request.RoadEdgeRequest
[ERROR] /E:/NCKH/BatXat/src/main/java/com/example/GuardBatXat/service/impl/AdminSpatialServiceImpl.java:[66,24] cannot find symbol
[ERROR]   symbol:   method getIsBridge()
[ERROR]   location: variable request of type com.example.GuardBatXat.dto.request.RoadEdgeRequest
[ERROR] /E:/NCKH/BatXat/src/main/java/com/example/GuardBatXat/service/impl/AdminSpatialServiceImpl.java:[66,47] cannot find symbol
[ERROR]   symbol:   method getGeomWkt()
[ERROR]   location: variable request of type com.example.GuardBatXat.dto.request.RoadEdgeRequest
[ERROR] /E:/NCKH/BatXat/src/main/java/com/example/GuardBatXat/service/impl/AdminSpatialServiceImpl.java:[87,28] cannot find symbol
[ERROR]   symbol:   method getId()
[ERROR]   location: variable b of type com.example.GuardBatXat.entity.Building
[ERROR] /E:/NCKH/BatXat/src/main/java/com/example/GuardBatXat/service/impl/AdminSpatialServiceImpl.java:[88,38] cannot find symbol
[ERROR]   symbol:   method getBuildingType()
[ERROR]   location: variable b of type com.example.GuardBatXat.entity.Building
[ERROR] /E:/NCKH/BatXat/src/main/java/com/example/GuardBatXat/service/impl/AdminSpatialServiceImpl.java:[89,38] cannot find symbol
[ERROR]   symbol:   method getAreaInMeters()
[ERROR]   location: variable b of type com.example.GuardBatXat.entity.Building
[ERROR] /E:/NCKH/BatXat/src/main/java/com/example/GuardBatXat/service/impl/AdminSpatialServiceImpl.java:[90,37] cannot find symbol
[ERROR]   symbol:   method getMaxCapacity()
[ERROR]   location: variable b of type com.example.GuardBatXat.entity.Building
[ERROR] /E:/NCKH/BatXat/src/main/java/com/example/GuardBatXat/controller/AuthSosController.java:[24,40] cannot infer type arguments for com.example.GuardBatXat.dto.response.ApiResponse<>
[ERROR]   reason: cannot infer type-variable(s) T
[ERROR]     (actual and formal argument lists differ in length)
[ERROR] /E:/NCKH/BatXat/src/main/java/com/example/GuardBatXat/controller/AuthSosController.java:[35,19] cannot find symbol
[ERROR]   symbol:   method updateLiveLocation(com.example.GuardBatXat.dto.request.LiveLocationRequest)
[ERROR]   location: variable sosService of type com.example.GuardBatXat.service.SosService
[ERROR] /E:/NCKH/BatXat/src/main/java/com/example/GuardBatXat/controller/AuthSosController.java:[36,34] cannot infer type arguments for com.example.GuardBatXat.dto.response.ApiResponse<>
[ERROR]   reason: cannot infer type-variable(s) T
[ERROR]     (actual and formal argument lists differ in length)
[ERROR] /E:/NCKH/BatXat/src/main/java/com/example/GuardBatXat/controller/AuthSosController.java:[41,19] cannot find symbol
[ERROR]   symbol:   method sendEmergencyChat(com.example.GuardBatXat.dto.request.ChatRequest)
[ERROR]   location: variable sosService of type com.example.GuardBatXat.service.SosService
[ERROR] /E:/NCKH/BatXat/src/main/java/com/example/GuardBatXat/controller/AuthSosController.java:[42,34] cannot infer type arguments for com.example.GuardBatXat.dto.response.ApiResponse<>
[ERROR]   reason: cannot infer type-variable(s) T
[ERROR]     (actual and formal argument lists differ in length)
[ERROR] /E:/NCKH/BatXat/src/main/java/com/example/GuardBatXat/controller/RescueSosController.java:[23,34] cannot infer type arguments for com.example.GuardBatXat.dto.response.ApiResponse<>
[ERROR]   reason: cannot infer type-variable(s) T
[ERROR]     (actual and formal argument lists differ in length)
[ERROR] /E:/NCKH/BatXat/src/main/java/com/example/GuardBatXat/controller/RescueSosController.java:[30,34] cannot infer type arguments for com.example.GuardBatXat.dto.response.ApiResponse<>
[ERROR]   reason: cannot infer type-variable(s) T
[ERROR]     (actual and formal argument lists differ in length)
[ERROR] /E:/NCKH/BatXat/src/main/java/com/example/GuardBatXat/controller/RescueSosController.java:[37,34] cannot infer type arguments for com.example.GuardBatXat.dto.response.ApiResponse<>
[ERROR]   reason: cannot infer type-variable(s) T
[ERROR]     (actual and formal argument lists differ in length)
[ERROR] /E:/NCKH/BatXat/src/main/java/com/example/GuardBatXat/controller/RescueSosController.java:[43,34] cannot infer type arguments for com.example.GuardBatXat.dto.response.ApiResponse<>
[ERROR]   reason: cannot infer type-variable(s) T
[ERROR]     (actual and formal argument lists differ in length)
[ERROR] /E:/NCKH/BatXat/src/main/java/com/example/GuardBatXat/controller/RescueSosController.java:[52,34] cannot infer type arguments for com.example.GuardBatXat.dto.response.ApiResponse<>
[ERROR]   reason: cannot infer type-variable(s) T
[ERROR]     (actual and formal argument lists differ in length)
[ERROR] /E:/NCKH/BatXat/src/main/java/com/example/GuardBatXat/controller/CommanderSystemController.java:[32,45] cannot find symbol
[ERROR]   symbol:   method <java.util.List<java.lang.String>>builder()
[ERROR]   location: class com.example.GuardBatXat.dto.response.ApiResponse
[ERROR] /E:/NCKH/BatXat/src/main/java/com/example/GuardBatXat/controller/CommanderSystemController.java:[58,45] cannot find symbol
[ERROR]   symbol:   method <java.util.Map<java.lang.String,java.lang.Object>>builder()
[ERROR]   location: class com.example.GuardBatXat.dto.response.ApiResponse
[ERROR] /E:/NCKH/BatXat/src/main/java/com/example/GuardBatXat/controller/CommanderSystemController.java:[72,21] cannot find symbol
[ERROR]   symbol:   method setTitle(java.lang.String)
[ERROR]   location: variable notification of type com.example.GuardBatXat.entity.Notification
[ERROR] /E:/NCKH/BatXat/src/main/java/com/example/GuardBatXat/controller/CommanderSystemController.java:[73,21] cannot find symbol
[ERROR]   symbol:   method setContent(java.lang.String)
[ERROR]   location: variable notification of type com.example.GuardBatXat.entity.Notification
[ERROR] /E:/NCKH/BatXat/src/main/java/com/example/GuardBatXat/controller/CommanderSystemController.java:[74,21] cannot find symbol
[ERROR]   symbol:   method setAlertLevel(java.lang.String)
[ERROR]   location: variable notification of type com.example.GuardBatXat.entity.Notification
[ERROR] /E:/NCKH/BatXat/src/main/java/com/example/GuardBatXat/controller/CommanderSystemController.java:[98,44] cannot find symbol
[ERROR]   symbol:   method getTitle()
[ERROR]   location: variable notification of type com.example.GuardBatXat.entity.Notification
[ERROR] /E:/NCKH/BatXat/src/main/java/com/example/GuardBatXat/controller/CommanderSystemController.java:[99,46] cannot find symbol
[ERROR]   symbol:   method getContent()
[ERROR]   location: variable notification of type com.example.GuardBatXat.entity.Notification
[ERROR] /E:/NCKH/BatXat/src/main/java/com/example/GuardBatXat/controller/CommanderSystemController.java:[108,45] cannot find symbol
[ERROR]   symbol:   method <java.util.Map<java.lang.String,java.lang.String>>builder()
[ERROR]   location: class com.example.GuardBatXat.dto.response.ApiResponse
[ERROR] /E:/NCKH/BatXat/src/main/java/com/example/GuardBatXat/controller/CommanderSystemController.java:[123,21] cannot find symbol
[ERROR]   symbol:   method setTitle(title != n[...]ea5p")
[ERROR]   location: variable notification of type com.example.GuardBatXat.entity.Notification
[ERROR] /E:/NCKH/BatXat/src/main/java/com/example/GuardBatXat/controller/CommanderSystemController.java:[124,21] cannot find symbol
[ERROR]   symbol:   method setContent(java.lang.String)
[ERROR]   location: variable notification of type com.example.GuardBatXat.entity.Notification
[ERROR] /E:/NCKH/BatXat/src/main/java/com/example/GuardBatXat/controller/CommanderSystemController.java:[125,21] cannot find symbol
[ERROR]   symbol:   method setAlertLevel(targetArea[...]level)
[ERROR]   location: variable notification of type com.example.GuardBatXat.entity.Notification
[ERROR] /E:/NCKH/BatXat/src/main/java/com/example/GuardBatXat/controller/CommanderSystemController.java:[132,44] cannot find symbol
[ERROR]   symbol:   method getTitle()
[ERROR]   location: variable notification of type com.example.GuardBatXat.entity.Notification
[ERROR] /E:/NCKH/BatXat/src/main/java/com/example/GuardBatXat/controller/CommanderSystemController.java:[133,46] cannot find symbol
[ERROR]   symbol:   method getContent()
[ERROR]   location: variable notification of type com.example.GuardBatXat.entity.Notification
[ERROR] /E:/NCKH/BatXat/src/main/java/com/example/GuardBatXat/controller/CommanderSystemController.java:[139,45] cannot find symbol
[ERROR]   symbol:   method <java.util.Map<java.lang.String,java.lang.String>>builder()
[ERROR]   location: class com.example.GuardBatXat.dto.response.ApiResponse
[ERROR] /E:/NCKH/BatXat/src/main/java/com/example/GuardBatXat/controller/CommanderSystemController.java:[152,35] cannot find symbol
[ERROR]   symbol:   method getNotifyId()
[ERROR]   location: variable n of type com.example.GuardBatXat.entity.Notification
[ERROR] /E:/NCKH/BatXat/src/main/java/com/example/GuardBatXat/controller/CommanderSystemController.java:[153,37] cannot find symbol
[ERROR]   symbol:   method getAlertLevel()
[ERROR]   location: variable n of type com.example.GuardBatXat.entity.Notification
[ERROR] /E:/NCKH/BatXat/src/main/java/com/example/GuardBatXat/controller/CommanderSystemController.java:[153,65] cannot find symbol
[ERROR]   symbol:   method getAlertLevel()
[ERROR]   location: variable n of type com.example.GuardBatXat.entity.Notification
[ERROR] /E:/NCKH/BatXat/src/main/java/com/example/GuardBatXat/controller/CommanderSystemController.java:[154,31] cannot find symbol
[ERROR]   symbol:   method getTitle()
[ERROR]   location: variable n of type com.example.GuardBatXat.entity.Notification
[ERROR] /E:/NCKH/BatXat/src/main/java/com/example/GuardBatXat/controller/CommanderSystemController.java:[154,54] cannot find symbol
[ERROR]   symbol:   method getTitle()
[ERROR]   location: variable n of type com.example.GuardBatXat.entity.Notification
[ERROR] /E:/NCKH/BatXat/src/main/java/com/example/GuardBatXat/controller/CommanderSystemController.java:[155,33] cannot find symbol
[ERROR]   symbol:   method getContent()
[ERROR]   location: variable n of type com.example.GuardBatXat.entity.Notification
[ERROR] /E:/NCKH/BatXat/src/main/java/com/example/GuardBatXat/controller/CommanderSystemController.java:[159,18] cannot find symbol
[ERROR]   symbol:   method getCreatedAt()
[ERROR]   location: variable n of type com.example.GuardBatXat.entity.Notification
[ERROR] /E:/NCKH/BatXat/src/main/java/com/example/GuardBatXat/controller/CommanderSystemController.java:[160,29] cannot find symbol
[ERROR]   symbol:   method getCreatedAt()
[ERROR]   location: variable n of type com.example.GuardBatXat.entity.Notification
[ERROR] /E:/NCKH/BatXat/src/main/java/com/example/GuardBatXat/controller/CommanderSystemController.java:[169,45] cannot find symbol
[ERROR]   symbol:   method <java.util.List<java.util.Map<java.lang.String,java.lang.Object>>>builder()
[ERROR]   location: class com.example.GuardBatXat.dto.response.ApiResponse
[ERROR] /E:/NCKH/BatXat/src/main/java/com/example/GuardBatXat/controller/AuthController.java:[35,69] cannot find symbol
[ERROR]   symbol:   method getIdentifier()
[ERROR]   location: variable loginRequest of type @jakarta.validation.Valid com.example.GuardBatXat.dto.request.LoginRequest
[ERROR] /E:/NCKH/BatXat/src/main/java/com/example/GuardBatXat/controller/AuthController.java:[35,99] cannot find symbol
[ERROR]   symbol:   method getPassword()
[ERROR]   location: variable loginRequest of type @jakarta.validation.Valid com.example.GuardBatXat.dto.request.LoginRequest
[ERROR] /E:/NCKH/BatXat/src/main/java/com/example/GuardBatXat/controller/AuthController.java:[43,45] cannot find symbol
[ERROR]   symbol:   method <java.lang.String>builder()
[ERROR]   location: class com.example.GuardBatXat.dto.response.ApiResponse
[ERROR] /E:/NCKH/BatXat/src/main/java/com/example/GuardBatXat/controller/AuthController.java:[55,45] cannot find symbol
[ERROR]   symbol:   method <com.example.GuardBatXat.dto.response.UserResponse>builder()
[ERROR]   location: class com.example.GuardBatXat.dto.response.ApiResponse
[ERROR] /E:/NCKH/BatXat/src/main/java/com/example/GuardBatXat/controller/AuthController.java:[72,45] cannot find symbol
[ERROR]   symbol:   method <java.lang.Void>builder()
[ERROR]   location: class com.example.GuardBatXat.dto.response.ApiResponse
[ERROR] /E:/NCKH/BatXat/src/main/java/com/example/GuardBatXat/exception/GlobalExceptionHandler.java:[21,17] cannot find symbol
[ERROR]   symbol:   method setCode(int)
[ERROR]   location: variable response of type com.example.GuardBatXat.dto.response.ApiResponse<java.lang.Void>
[ERROR] -> [Help 1]
[ERROR] 
[ERROR] To see the full stack trace of the errors, re-run Maven with the -e switch.
[ERROR] Re-run Maven using the -X switch to enable full debug logging.
[ERROR] 
[ERROR] For more information about the errors and possible solutions, please read the following articles:
[ERROR] [Help 1] http://cwiki.apache.org/confluence/display/MAVEN/MojoFailureException
