[INFO] Scanning for projects...
[INFO] 
[INFO] ----------------------< com.example:GuardBatXat >-----------------------
[INFO] Building  0.0.1-SNAPSHOT
[INFO]   from pom.xml
[INFO] --------------------------------[ jar ]---------------------------------
[INFO] 
[INFO] >>> spring-boot:3.2.4:run (default-cli) > test-compile @ GuardBatXat >>>
[INFO] 
[INFO] --- resources:3.3.1:resources (default-resources) @ GuardBatXat ---
[INFO] Copying 1 resource from src\main\resources to target\classes
[INFO] Copying 0 resource from src\main\resources to target\classes
[INFO] 
[INFO] --- compiler:3.11.0:compile (default-compile) @ GuardBatXat ---
[INFO] Changes detected - recompiling the module! :source
[INFO] Compiling 148 source files with javac [debug release 17] to target\classes
[WARNING] /E:/NCKH/BatXat/src/main/java/com/example/GuardBatXat/mapper/UserMapper.java:[17,10] Unmapped target properties: "userProfile, email, phoneNumber, defaultBuilding, trustScore".
[WARNING] /E:/NCKH/BatXat/src/main/java/com/example/GuardBatXat/mapper/UserProfileMapper.java:[18,25] Unmapped target properties: "username, fullName, email, phoneNumber, roleName, isActive".
[WARNING] /E:/NCKH/BatXat/src/main/java/com/example/GuardBatXat/mapper/UserProfileMapper.java:[21,10] Unmapped target properties: "userId, user, updatedAt".
[WARNING] Implicitly compiled files were not subject to annotation processing.
  Use -proc:none to disable annotation processing or -implicit to specify a policy for implicit compilation.
[INFO] /E:/NCKH/BatXat/src/main/java/com/example/GuardBatXat/service/impl/RiskServiceImpl.java: Some input files use unchecked or unsafe operations.
[INFO] /E:/NCKH/BatXat/src/main/java/com/example/GuardBatXat/service/impl/RiskServiceImpl.java: Recompile with -Xlint:unchecked for details.
[INFO] 
[INFO] --- resources:3.3.1:testResources (default-testResources) @ GuardBatXat ---
[INFO] skip non existing resourceDirectory E:\NCKH\BatXat\src\test\resources
[INFO] 
[INFO] --- compiler:3.11.0:testCompile (default-testCompile) @ GuardBatXat ---
[INFO] Changes detected - recompiling the module! :dependency
[INFO] Compiling 1 source file with javac [debug release 17] to target\test-classes
[INFO] 
[INFO] <<< spring-boot:3.2.4:run (default-cli) < test-compile @ GuardBatXat <<<
[INFO] 
[INFO] 
[INFO] --- spring-boot:3.2.4:run (default-cli) @ GuardBatXat ---
[INFO] Attaching agents: []

  .   ____          _            __ _ _
 /\\ / ___'_ __ _ _(_)_ __  __ _ \ \ \ \
( ( )\___ | '_ | '_| | '_ \/ _` | \ \ \ \
 \\/  ___)| |_)| | | | | || (_| |  ) ) ) )
  '  |____| .__|_| |_|_| |_\__, | / / / /
 =========|_|==============|___/=/_/_/_/
 :: Spring Boot ::                (v3.2.4)

2026-08-10T09:48:19.024+07:00  INFO 36700 --- [GuardBatXat] [           main] c.e.GuardBatXat.GuardBatXatApplication   : Starting GuardBatXatApplication using Java 17.0.12 with PID 36700 (E:\NCKH\BatXat\target\classes started by Acer in E:\NCKH\BatXat)
2026-08-10T09:48:19.024+07:00  INFO 36700 --- [GuardBatXat] [           main] c.e.GuardBatXat.GuardBatXatApplication   : No active profile set, falling back to 1 default profile: "default"
2026-08-10T09:48:19.814+07:00  INFO 36700 --- [GuardBatXat] [           main] .s.d.r.c.RepositoryConfigurationDelegate : Multiple Spring Data modules found, entering strict repository configuration mode
2026-08-10T09:48:19.814+07:00  INFO 36700 --- [GuardBatXat] [           main] .s.d.r.c.RepositoryConfigurationDelegate : Bootstrapping Spring Data JPA repositories in DEFAULT mode.
2026-08-10T09:48:19.945+07:00  INFO 36700 --- [GuardBatXat] [           main] .s.d.r.c.RepositoryConfigurationDelegate : Finished Spring Data repository scanning in 125 ms. Found 17 JPA repository interfaces.
2026-08-10T09:48:19.955+07:00  INFO 36700 --- [GuardBatXat] [           main] .s.d.r.c.RepositoryConfigurationDelegate : Multiple Spring Data modules found, entering strict repository configuration mode
2026-08-10T09:48:19.956+07:00  INFO 36700 --- [GuardBatXat] [           main] .s.d.r.c.RepositoryConfigurationDelegate : Bootstrapping Spring Data Redis repositories in DEFAULT mode.
2026-08-10T09:48:19.965+07:00  INFO 36700 --- [GuardBatXat] [           main] .RepositoryConfigurationExtensionSupport : Spring Data Redis - Could not safely identify store assignment for repository candidate interface com.example.GuardBatXat.repository.AhpWeightRepository; If you want this repository to be a Redis repository, consider annotating your entities with one of these annotations: org.springframework.data.redis.core.RedisHash (preferred), or consider extending one of the following types with your repository: org.springframework.data.keyvalue.repository.KeyValueRepository
2026-08-10T09:48:19.965+07:00  INFO 36700 --- [GuardBatXat] [           main] .RepositoryConfigurationExtensionSupport : Spring Data Redis - Could not safely identify store assignment for repository candidate interface com.example.GuardBatXat.repository.BuildingRepository; If you want this repository to be a Redis repository, consider annotating your entities with one of these annotations: org.springframework.data.redis.core.RedisHash (preferred), or consider extending one of the following types with your repository: org.springframework.data.keyvalue.repository.KeyValueRepository
2026-08-10T09:48:19.965+07:00  INFO 36700 --- [GuardBatXat] [           main] .RepositoryConfigurationExtensionSupport : Spring Data Redis - Could not safely identify store assignment for repository candidate interface com.example.GuardBatXat.repository.CommanderMapRepository; If you want this repository to be a Redis repository, consider annotating your entities with one of these annotations: org.springframework.data.redis.core.RedisHash (preferred), or consider extending one of the following types with your repository: org.springframework.data.keyvalue.repository.KeyValueRepository
2026-08-10T09:48:19.965+07:00  INFO 36700 --- [GuardBatXat] [           main] .RepositoryConfigurationExtensionSupport : Spring Data Redis - Could not safely identify store assignment for repository candidate interface com.example.GuardBatXat.repository.FloodSimulationRepository; If you want this repository to be a Redis repository, consider annotating your entities with one of these annotations: org.springframework.data.redis.core.RedisHash (preferred), or consider extending one of the following types with your repository: org.springframework.data.keyvalue.repository.KeyValueRepository
2026-08-10T09:48:19.965+07:00  INFO 36700 --- [GuardBatXat] [           main] .RepositoryConfigurationExtensionSupport : Spring Data Redis - Could not safely identify store assignment for repository candidate interface com.example.GuardBatXat.repository.HeatmapRepository; If you want this repository to be a Redis repository, consider annotating your entities with one of these annotations: org.springframework.data.redis.core.RedisHash (preferred), or consider extending one of the following types with your repository: org.springframework.data.keyvalue.repository.KeyValueRepository
2026-08-10T09:48:19.965+07:00  INFO 36700 --- [GuardBatXat] [           main] .RepositoryConfigurationExtensionSupport : Spring Data Redis - Could not safely identify store assignment for repository candidate interface com.example.GuardBatXat.repository.IncidentReportRepository; If you want this repository to be a Redis repository, consider annotating your entities with one of these annotations: org.springframework.data.redis.core.RedisHash (preferred), or consider extending one of the following types with your repository: org.springframework.data.keyvalue.repository.KeyValueRepository
2026-08-10T09:48:19.965+07:00  INFO 36700 --- [GuardBatXat] [           main] .RepositoryConfigurationExtensionSupport : Spring Data Redis - Could not safely identify store assignment for repository candidate interface com.example.GuardBatXat.repository.ModelRegistryRepository; If you want this repository to be a Redis repository, consider annotating your entities with one of these annotations: org.springframework.data.redis.core.RedisHash (preferred), or consider extending one of the following types with your repository: org.springframework.data.keyvalue.repository.KeyValueRepository
2026-08-10T09:48:19.965+07:00  INFO 36700 --- [GuardBatXat] [           main] .RepositoryConfigurationExtensionSupport : Spring Data Redis - Could not safely identify store assignment for repository candidate interface com.example.GuardBatXat.repository.NotificationRepository; If you want this repository to be a Redis repository, consider annotating your entities with one of these annotations: org.springframework.data.redis.core.RedisHash (preferred), or consider extending one of the following types with your repository: org.springframework.data.keyvalue.repository.KeyValueRepository
2026-08-10T09:48:19.965+07:00  INFO 36700 --- [GuardBatXat] [           main] .RepositoryConfigurationExtensionSupport : Spring Data Redis - Could not safely identify store assignment for repository candidate interface com.example.GuardBatXat.repository.RoadEdgeRepository; If you want this repository to be a Redis repository, consider annotating your entities with one of these annotations: org.springframework.data.redis.core.RedisHash (preferred), or consider extending one of the following types with your repository: org.springframework.data.keyvalue.repository.KeyValueRepository
2026-08-10T09:48:19.965+07:00  INFO 36700 --- [GuardBatXat] [           main] .RepositoryConfigurationExtensionSupport : Spring Data Redis - Could not safely identify store assignment for repository candidate interface com.example.GuardBatXat.repository.RoadNodeRepository; If you want this repository to be a Redis repository, consider annotating your entities with one of these annotations: org.springframework.data.redis.core.RedisHash (preferred), or consider extending one of the following types with your repository: org.springframework.data.keyvalue.repository.KeyValueRepository
2026-08-10T09:48:19.965+07:00  INFO 36700 --- [GuardBatXat] [           main] .RepositoryConfigurationExtensionSupport : Spring Data Redis - Could not safely identify store assignment for repository candidate interface com.example.GuardBatXat.repository.RoleRepository; If you want this repository to be a Redis repository, consider annotating your entities with one of these annotations: org.springframework.data.redis.core.RedisHash (preferred), or consider extending one of the following types with your repository: org.springframework.data.keyvalue.repository.KeyValueRepository
2026-08-10T09:48:19.970+07:00  INFO 36700 --- [GuardBatXat] [           main] .RepositoryConfigurationExtensionSupport : Spring Data Redis - Could not safely identify store assignment for repository candidate interface com.example.GuardBatXat.repository.SafeHavenRepository; If you want this repository to be a Redis repository, consider annotating your entities with one of these annotations: org.springframework.data.redis.core.RedisHash (preferred), or consider extending one of the following types with your repository: org.springframework.data.keyvalue.repository.KeyValueRepository
2026-08-10T09:48:19.970+07:00  INFO 36700 --- [GuardBatXat] [           main] .RepositoryConfigurationExtensionSupport : Spring Data Redis - Could not safely identify store assignment for repository candidate interface com.example.GuardBatXat.repository.SosRequestRepository; If you want this repository to be a Redis repository, consider annotating your entities with one of these annotations: org.springframework.data.redis.core.RedisHash (preferred), or consider extending one of the following types with your repository: org.springframework.data.keyvalue.repository.KeyValueRepository
2026-08-10T09:48:19.970+07:00  INFO 36700 --- [GuardBatXat] [           main] .RepositoryConfigurationExtensionSupport : Spring Data Redis - Could not safely identify store assignment for repository candidate interface com.example.GuardBatXat.repository.SosUpdateLogRepository; If you want this repository to be a Redis repository, consider annotating your entities with one of these annotations: org.springframework.data.redis.core.RedisHash (preferred), or consider extending one of the following types with your repository: org.springframework.data.keyvalue.repository.KeyValueRepository
2026-08-10T09:48:19.970+07:00  INFO 36700 --- [GuardBatXat] [           main] .RepositoryConfigurationExtensionSupport : Spring Data Redis - Could not safely identify store assignment for repository candidate interface com.example.GuardBatXat.repository.SystemStateRepository; If you want this repository to be a Redis repository, consider annotating your entities with one of these annotations: org.springframework.data.redis.core.RedisHash (preferred), or consider extending one of the following types with your repository: org.springframework.data.keyvalue.repository.KeyValueRepository
2026-08-10T09:48:19.970+07:00  INFO 36700 --- [GuardBatXat] [           main] .RepositoryConfigurationExtensionSupport : Spring Data Redis - Could not safely identify store assignment for repository candidate interface com.example.GuardBatXat.repository.UserProfileRepository; If you want this repository to be a Redis repository, consider annotating your entities with one of these annotations: org.springframework.data.redis.core.RedisHash (preferred), or consider extending one of the following types with your repository: org.springframework.data.keyvalue.repository.KeyValueRepository
2026-08-10T09:48:19.970+07:00  INFO 36700 --- [GuardBatXat] [           main] .RepositoryConfigurationExtensionSupport : Spring Data Redis - Could not safely identify store assignment for repository candidate interface com.example.GuardBatXat.repository.UserRepository; If you want this repository to be a Redis repository, consider annotating your entities with one of these annotations: org.springframework.data.redis.core.RedisHash (preferred), or consider extending one of the following types with your repository: org.springframework.data.keyvalue.repository.KeyValueRepository
2026-08-10T09:48:19.970+07:00  INFO 36700 --- [GuardBatXat] [           main] .s.d.r.c.RepositoryConfigurationDelegate : Finished Spring Data repository scanning in 9 ms. Found 0 Redis repository interfaces.
2026-08-10T09:48:20.564+07:00  INFO 36700 --- [GuardBatXat] [           main] o.s.b.w.embedded.tomcat.TomcatWebServer  : Tomcat initialized with port 8080 (http)
2026-08-10T09:48:20.573+07:00  INFO 36700 --- [GuardBatXat] [           main] o.apache.catalina.core.StandardService   : Starting service [Tomcat]
2026-08-10T09:48:20.573+07:00  INFO 36700 --- [GuardBatXat] [           main] o.apache.catalina.core.StandardEngine    : Starting Servlet engine: [Apache Tomcat/10.1.19]
2026-08-10T09:48:20.626+07:00  INFO 36700 --- [GuardBatXat] [           main] o.a.c.c.C.[Tomcat].[localhost].[/]       : Initializing Spring embedded WebApplicationContext
2026-08-10T09:48:20.627+07:00  INFO 36700 --- [GuardBatXat] [           main] w.s.c.ServletWebServerApplicationContext : Root WebApplicationContext: initialization completed in 1578 ms
2026-08-10T09:48:20.841+07:00  INFO 36700 --- [GuardBatXat] [           main] o.hibernate.jpa.internal.util.LogHelper  : HHH000204: Processing PersistenceUnitInfo [name: default]
2026-08-10T09:48:20.873+07:00  INFO 36700 --- [GuardBatXat] [           main] org.hibernate.Version                    : HHH000412: Hibernate ORM core version 6.4.4.Final
2026-08-10T09:48:20.881+07:00  INFO 36700 --- [GuardBatXat] [           main] o.h.spatial.integration.SpatialService   : HHH80000001: hibernate-spatial integration enabled : true
2026-08-10T09:48:20.898+07:00  INFO 36700 --- [GuardBatXat] [           main] o.h.c.internal.RegionFactoryInitiator    : HHH000026: Second-level cache disabled
2026-08-10T09:48:20.964+07:00  INFO 36700 --- [GuardBatXat] [           main] com.zaxxer.hikari.HikariDataSource       : HikariPool-1 - Starting...
2026-08-10T09:48:21.043+07:00  INFO 36700 --- [GuardBatXat] [           main] com.zaxxer.hikari.pool.HikariPool        : HikariPool-1 - Added connection org.postgresql.jdbc.PgConnection@5f5923ef
2026-08-10T09:48:21.043+07:00  INFO 36700 --- [GuardBatXat] [           main] com.zaxxer.hikari.HikariDataSource       : HikariPool-1 - Start completed.
2026-08-10T09:48:21.065+07:00  WARN 36700 --- [GuardBatXat] [           main] org.hibernate.orm.deprecation            : HHH90000025: PostgreSQLDialect does not need to be specified explicitly using 'hibernate.dialect' (remove the property setting and it will be selected by default)
2026-08-10T09:48:21.084+07:00  INFO 36700 --- [GuardBatXat] [           main] org.hibernate.spatial                    : HHH80000003: hibernate-spatial adding type contributions from : org.hibernate.spatial.dialect.postgis.PostgisDialectContributor
2026-08-10T09:48:21.175+07:00  INFO 36700 --- [GuardBatXat] [           main] o.s.o.j.p.SpringPersistenceUnitInfo      : No LoadTimeWeaver setup: ignoring JPA class transformer
2026-08-10T09:48:21.196+07:00  INFO 36700 --- [GuardBatXat] [           main] org.hibernate.spatial                    : HHH80000003: hibernate-spatial adding type contributions from : org.hibernate.spatial.dialect.postgis.PostgisDialectContributor
2026-08-10T09:48:21.556+07:00  INFO 36700 --- [GuardBatXat] [           main] org.hibernate.spatial                    : HHH80000004: hibernate-spatial adding function contributions from : org.hibernate.spatial.dialect.postgis.PostgisDialectContributor
2026-08-10T09:48:22.190+07:00  INFO 36700 --- [GuardBatXat] [           main] o.h.e.t.j.p.i.JtaPlatformInitiator       : HHH000489: No JTA platform available (set 'hibernate.transaction.jta.platform' to enable JTA platform integration)
2026-08-10T09:48:22.192+07:00  INFO 36700 --- [GuardBatXat] [           main] j.LocalContainerEntityManagerFactoryBean : Initialized JPA EntityManagerFactory for persistence unit 'default'
2026-08-10T09:48:22.400+07:00  INFO 36700 --- [GuardBatXat] [           main] o.s.d.j.r.query.QueryEnhancerFactory     : Hibernate is in classpath; If applicable, HQL parser will be used.
2026-08-10T09:48:24.087+07:00  WARN 36700 --- [GuardBatXat] [           main] JpaBaseConfiguration$JpaWebConfiguration : spring.jpa.open-in-view is enabled by default. Therefore, database queries may be performed during view rendering. Explicitly configure spring.jpa.open-in-view to disable this warning
2026-08-10T09:48:24.441+07:00  INFO 36700 --- [GuardBatXat] [           main] o.s.b.a.e.web.EndpointLinksResolver      : Exposing 3 endpoint(s) beneath base path '/actuator'
2026-08-10T09:48:24.506+07:00  INFO 36700 --- [GuardBatXat] [           main] o.s.s.web.DefaultSecurityFilterChain     : Will secure any request with [org.springframework.security.web.session.DisableEncodeUrlFilter@8f52d5f, org.springframework.security.web.context.request.async.WebAsyncManagerIntegrationFilter@7d3d4b83, org.springframework.security.web.context.SecurityContextHolderFilter@24645461, org.springframework.security.web.header.HeaderWriterFilter@6d782f9, org.springframework.web.filter.CorsFilter@2b6cd876, org.springframework.security.web.authentication.logout.LogoutFilter@5494cf4b, com.example.GuardBatXat.security.JwtAuthFilter@35cf5d9, com.example.GuardBatXat.security.RateLimitingFilter@58030528, org.springframework.security.web.savedrequest.RequestCacheAwareFilter@12932c18, org.springframework.security.web.servletapi.SecurityContextHolderAwareRequestFilter@7b37d57f, org.springframework.security.web.authentication.AnonymousAuthenticationFilter@67517ccf, org.springframework.security.web.session.SessionManagementFilter@6e0d30e4, org.springframework.security.web.access.ExceptionTranslationFilter@4fc454d5, org.springframework.security.web.access.intercept.AuthorizationFilter@397ec6bb]
2026-08-10T09:48:25.014+07:00  INFO 36700 --- [GuardBatXat] [           main] o.s.b.w.embedded.tomcat.TomcatWebServer  : Tomcat started on port 8080 (http) with context path ''
2026-08-10T09:48:25.014+07:00  INFO 36700 --- [GuardBatXat] [           main] o.s.m.s.b.SimpleBrokerMessageHandler     : Starting...
2026-08-10T09:48:25.019+07:00  INFO 36700 --- [GuardBatXat] [           main] o.s.m.s.b.SimpleBrokerMessageHandler     : BrokerAvailabilityEvent[available=true, SimpleBrokerMessageHandler [org.springframework.messaging.simp.broker.DefaultSubscriptionRegistry@dfba755]]
2026-08-10T09:48:25.019+07:00  INFO 36700 --- [GuardBatXat] [           main] o.s.m.s.b.SimpleBrokerMessageHandler     : Started.
2026-08-10T09:48:25.033+07:00  INFO 36700 --- [GuardBatXat] [           main] c.e.GuardBatXat.GuardBatXatApplication   : Started GuardBatXatApplication in 6.284 seconds (process running for 6.541)
Hibernate: select r1_0.role_id,r1_0.description,r1_0.role_name from batxat_roles r1_0 where r1_0.role_name=?
Hibernate: select r1_0.role_id,r1_0.description,r1_0.role_name from batxat_roles r1_0 where r1_0.role_name=?
Hibernate: select r1_0.role_id,r1_0.description,r1_0.role_name from batxat_roles r1_0 where r1_0.role_name=?
Hibernate: select r1_0.role_id,r1_0.description,r1_0.role_name from batxat_roles r1_0 where r1_0.role_name=?
Hibernate: select u1_0.user_id from batxat_users u1_0 where u1_0.username=? fetch first ? rows only
Hibernate: select u1_0.user_id from batxat_users u1_0 where u1_0.username=? fetch first ? rows only
Hibernate: select u1_0.user_id from batxat_users u1_0 where u1_0.username=? fetch first ? rows only
Hibernate: select u1_0.user_id from batxat_users u1_0 where u1_0.username=? fetch first ? rows only
Hibernate: select count(*) from batxat_sos_requests se1_0
2026-08-10T09:48:25.646+07:00  INFO 36700 --- [GuardBatXat] [nio-8080-exec-1] o.a.c.c.C.[Tomcat].[localhost].[/]       : Initializing Spring DispatcherServlet 'dispatcherServlet'
2026-08-10T09:48:25.648+07:00  INFO 36700 --- [GuardBatXat] [nio-8080-exec-1] o.s.web.servlet.DispatcherServlet        : Initializing Servlet 'dispatcherServlet'
2026-08-10T09:48:25.650+07:00  INFO 36700 --- [GuardBatXat] [nio-8080-exec-1] o.s.web.servlet.DispatcherServlet        : Completed initialization in 1 ms
2026-08-10T09:48:27.216+07:00  INFO 36700 --- [GuardBatXat] [tboundChannel-1] c.e.G.websocket.WebSocketEventListener   : ?ã nh?n ???c m?t k?t n?i WebSocket m?i t?i h? th?ng c?nh báo.
2026-08-10T09:48:27.537+07:00  INFO 36700 --- [GuardBatXat] [tboundChannel-2] c.e.G.websocket.WebSocketEventListener   : ?ã nh?n ???c m?t k?t n?i WebSocket m?i t?i h? th?ng c?nh báo.
2026-08-10T09:48:28.224+07:00  INFO 36700 --- [GuardBatXat] [tboundChannel-3] c.e.G.websocket.WebSocketEventListener   : ?ã nh?n ???c m?t k?t n?i WebSocket m?i t?i h? th?ng c?nh báo.
2026-08-10T09:48:29.037+07:00  INFO 36700 --- [GuardBatXat] [tboundChannel-4] c.e.G.websocket.WebSocketEventListener   : ?ã nh?n ???c m?t k?t n?i WebSocket m?i t?i h? th?ng c?nh báo.
2026-08-10T09:48:29.803+07:00  INFO 36700 --- [GuardBatXat] [tboundChannel-5] c.e.G.websocket.WebSocketEventListener   : ?ã nh?n ???c m?t k?t n?i WebSocket m?i t?i h? th?ng c?nh báo.
Hibernate: select count(ir1_0.id) from batxat_incident_reports ir1_0 where ir1_0.status=?
2026-08-10T09:48:34.433+07:00  INFO 36700 --- [GuardBatXat] [tboundChannel-7] c.e.G.websocket.WebSocketEventListener   : ?ã nh?n ???c m?t k?t n?i WebSocket m?i t?i h? th?ng c?nh báo.
Hibernate: select n1_0.notify_id,n1_0.alert_level,n1_0.content,n1_0.created_at,n1_0.sender_id,n1_0.target_role_id,n1_0.target_user_id,n1_0.title from batxat_notifications n1_0 where n1_0.target_user_id is null and (n1_0.alert_level is null or (n1_0.alert_level<>'C?u h?' and n1_0.alert_level not like 'RESCUE_LOG_%' escape '')) and (n1_0.title is null or n1_0.title not like 'Field Update%' escape '') order by n1_0.created_at desc
Hibernate: select count(ir1_0.id) from batxat_incident_reports ir1_0 where ir1_0.status=?
Hibernate: select count(ir1_0.id) from batxat_incident_reports ir1_0 where ir1_0.status=?
Hibernate: select count(*) from batxat_incident_reports ir1_0
Hibernate: select n1_0.notify_id,n1_0.alert_level,n1_0.content,n1_0.created_at,n1_0.sender_id,n1_0.target_role_id,n1_0.target_user_id,n1_0.title from batxat_notifications n1_0 where n1_0.target_user_id is null and (n1_0.alert_level is null or (n1_0.alert_level<>'C?u h?' and n1_0.alert_level not like 'RESCUE_LOG_%' escape '')) and (n1_0.title is null or n1_0.title not like 'Field Update%' escape '') order by n1_0.created_at desc
Hibernate: select n1_0.notify_id,n1_0.alert_level,n1_0.content,n1_0.created_at,n1_0.sender_id,n1_0.target_role_id,n1_0.target_user_id,n1_0.title from batxat_notifications n1_0 where n1_0.target_user_id is null and (n1_0.alert_level is null or (n1_0.alert_level<>'C?u h?' and n1_0.alert_level not like 'RESCUE_LOG_%' escape '')) and (n1_0.title is null or n1_0.title not like 'Field Update%' escape '') order by n1_0.created_at desc
Hibernate: select count(ir1_0.id) from batxat_incident_reports ir1_0 where ir1_0.status=?
Hibernate: select count(ir1_0.id) from batxat_incident_reports ir1_0 where ir1_0.status=?
Hibernate: select count(ir1_0.id) from batxat_incident_reports ir1_0 where ir1_0.status=?
Hibernate: select count(*) from batxat_incident_reports ir1_0
Hibernate: select n1_0.notify_id,n1_0.alert_level,n1_0.content,n1_0.created_at,n1_0.sender_id,n1_0.target_role_id,n1_0.target_user_id,n1_0.title from batxat_notifications n1_0 where n1_0.target_user_id is null and (n1_0.alert_level is null or (n1_0.alert_level<>'C?u h?' and n1_0.alert_level not like 'RESCUE_LOG_%' escape '')) and (n1_0.title is null or n1_0.title not like 'Field Update%' escape '') order by n1_0.created_at desc
2026-08-10T09:49:04.553+07:00  INFO 36700 --- [GuardBatXat] [tboundChannel-9] c.e.G.websocket.WebSocketEventListener   : ?ã nh?n ???c m?t k?t n?i WebSocket m?i t?i h? th?ng c?nh báo.
2026-08-10T09:49:24.990+07:00  INFO 36700 --- [GuardBatXat] [MessageBroker-1] o.s.w.s.c.WebSocketMessageBrokerStats    : WebSocketSession[5 current WS(5)-HttpStream(0)-HttpPoll(0), 7 total, 0 closed abnormally (0 connect failure, 0 send limit, 0 transport error)], stompSubProtocol[processed CONNECT(7)-CONNECTED(7)-DISCONNECT(0)], stompBrokerRelay[null], inboundChannel[pool size = 24, active threads = 0, queued tasks = 0, completed tasks = 54], outboundChannel[pool size = 9, active threads = 0, queued tasks = 0, completed tasks = 9], sockJsScheduler[pool size = 12, active threads = 1, queued tasks = 6, completed tasks = 21]
